-- -*- mode: lua -*-

-- This is my attempt at an intuitive or at least a logical layout for the
-- Launch Control XL. Enjoy. :) Albert Gräf <agggraef@gmail.com>, 2024

-- NOTE: This is a revised version of the mapping, to bring it more in line
-- with the AKAI MIDIMIX mapping. The two mappings are now almost identical,
-- which makes it easy to switch between the two controllers.

-- This maps the encoders in each column to the controls of the corresponding
-- row in the panel. This works quite well, since the pan pots are mapped to
-- the mod controls in the third column of the panel, which are mostly
-- bipolar. The Send A and B controls are mostly mapped to ranges, so that A
-- controls the lower, B the upper value. Some rows only have a single value
-- (besides the mod value), in which case I mapped both A and B to that value.

-- The faders are mapped as follows: 1 = pitch hi, 2 = pitch lo, 3 = pattern
-- mode (random, up, down, etc.), 4 = pos/anacrusis (the "scrubbing" control),
-- 5 = tempo, 6 = meter numerator, 7 = meter denominator, 8 = division.

-- The resulting mapping of the knobs and faders is as follows:

-- [minvel] [pmin] [wmin] [gate]    [hmin]  [pref]    [smin]  [uniq]
-- [maxvel] [pmax] [wmax] [gate]    [hmax]  [pref]    [smax]  [nmax]
-- [velmod] [pmod] [gain] [gatemod] [hmod]  [prefmod] [smod]  [nmod]

-- [hi]     [lo]   [mode] [pos]     [tempo] [num]     [denom] [divis]

-- The remaining functions are laid out exactly as in the MIDIMAX mapping in
-- the two button rows at the bottom:

--   - voice controls -                       - looper controls -
-- [mute] [latch] [bypass]  [      ] [      ] [load] [save] [loop]
--                [raptor]  [rewind]                        [play]

-- As previously, the mute, solo, and record arm buttons on the right-hand
-- side are mapped to the mute, latch, and bypass toggles as well.

{
  [13] = { [25] = "minvel" },
  [14] = { [25] = "pmin" },
  [15] = { [25] = "wmin" },
  [16] = { [25] = "gate" },
  [17] = { [25] = "hmin" },
  [18] = { [25] = "pref" },
  [19] = { [25] = "smin" },
  [20] = { [25] = "uniq" },
  [29] = { [25] = "maxvel" },
  [30] = { [25] = "pmax" },
  [31] = { [25] = "wmax" },
  [32] = { [25] = "gate" },
  [33] = { [25] = "hmax" },
  [34] = { [25] = "pref" },
  [35] = { [25] = "smax" },
  [36] = { [25] = "nmax" },
  [49] = { [25] = "velmod" },
  [50] = { [25] = "pmod" },
  [51] = { [25] = "gain" },
  [52] = { [25] = "gatemod" },
  [53] = { [25] = "hmod" },
  [54] = { [25] = "prefmod" },
  [55] = { [25] = "smod" },
  [56] = { [25] = "nmod" },
  [77] = { [25] = "pitchhi" },
  [78] = { [25] = "pitchlo" },
  [79] = { [25] = "mode" },
  [80] = { [25] = "pos" },
  [81] = { [25] = "tempo" },
  [82] = { [25] = "meter-num" },
  [83] = { [25] = "meter-denom" },
  [84] = { [25] = "division" },
  [104] = { [25] = { "loop-next", true } },
  [105] = { [25] = { "loop-prev", true } },
  [169] = { [25] = { "mute", true } },
  [170] = { [25] = { "latch", true } },
  [171] = { [25] = { "bypass", true } },
  [186] = { [25] = { "loop-load", true } },
  [187] = { [25] = { "loop-save", true } },
  [188] = { [25] = { "loop", true } },
  [203] = { [25] = { "raptor", true } },
  [204] = { [25] = { "rewind", true } },
  [220] = { [25] = { "play", true } },
  -- alternative bindings for the mute/latch/bypass controls, uses the mute,
  -- solo, and record arm buttons on the right
  [234] = { [25] = { "mute",true } },
  [235] = { [25] = { "latch",true } },
  [236] = { [25] = { "bypass",true } }
}
